app/(tabs)/index.tsx(133,13): error TS2322: Type '{ data: MarketplaceItem[]; renderItem: ({ item, index }: ListRenderItemInfo<MarketplaceItem>) => Element; keyExtractor: (item: MarketplaceItem) => string; ... 6 more ...; drawDistance: number; }' is not assignable to type 'IntrinsicAttributes & FlashListProps<MarketplaceItem> & { ref?: Ref<FlashListRef<MarketplaceItem>> | undefined; }'.
  Property 'estimatedItemSize' does not exist on type 'IntrinsicAttributes & FlashListProps<MarketplaceItem> & { ref?: Ref<FlashListRef<MarketplaceItem>> | undefined; }'.
app/(tabs)/index.tsx(152,13): error TS2322: Type '{ data: MarketplaceItem[]; renderItem: ({ item, index }: ListRenderItemInfo<MarketplaceItem>) => Element; keyExtractor: (item: MarketplaceItem) => string; ... 6 more ...; drawDistance: number; }' is not assignable to type 'IntrinsicAttributes & FlashListProps<MarketplaceItem> & { ref?: Ref<FlashListRef<MarketplaceItem>> | undefined; }'.
  Property 'estimatedItemSize' does not exist on type 'IntrinsicAttributes & FlashListProps<MarketplaceItem> & { ref?: Ref<FlashListRef<MarketplaceItem>> | undefined; }'.
utils/storage.ts(5,28): error TS2693: 'MMKV' only refers to a type, but is being used as a value here.
